// Jest Snapshot v1, https://goo.gl/fbAQLP

exports[`JobDetailsCard renders correctly 1`] = `
<article
  aria-controls="scampi"
  aria-pressed={true}
  className="testClass flip-card"
  id="scampi"
  onClick={[Function]}
  onKeyDown={[Function]}
  role="button"
  tabIndex={0}
>
  <div
    className="wrapper"
    itemScope={true}
    itemType="http://schema.org/CreativeWork"
  >
    <div
      className="heading"
    >
      <h3
        itemProp="name"
      >
        Scampi The Cat
      </h3>
      <span>
        Details ›
      </span>
    </div>
    <div
      aria-hidden={false}
      aria-labelledby="scampi"
      className="description"
      itemProp="description"
    >
      <p>
        Bring your cat to work at Scampi The Cat!
      </p>
      <hr />
      <Anchor
        cta="Visit Site ›"
        link="scampithecat.com"
      />
    </div>
  </div>
</article>
`;
