// Jest Snapshot v1, https://goo.gl/fbAQLP

exports[`Nav renders correctly 1`] = `
<Nav
  buttonArr={
    Array [
      Object {
        "cta": "View my work",
        "link": "/portfolio",
      },
      Object {
        "cta": "back to home",
        "link": "/",
      },
    ]
  }
>
  <nav>
    <Button
      cta="View my work"
      key="View my work"
      link="/portfolio"
    >
      <Link
        href="/portfolio"
      >
        <a
          className="button"
          href="/portfolio"
          itemProp="url"
          onClick={[Function]}
          onMouseEnter={[Function]}
        >
          View my work
        </a>
      </Link>
    </Button>
    <Button
      cta="back to home"
      key="back to home"
      link="/"
    >
      <Link
        href="/"
      >
        <a
          className="button"
          href="/"
          itemProp="url"
          onClick={[Function]}
          onMouseEnter={[Function]}
        >
          back to home
        </a>
      </Link>
    </Button>
  </nav>
</Nav>
`;
